Asterisk (*) preceding a constraint indicates it was not met.
   This may be due to a setup or hold violation.

------------------------------------------------------------------------------------------------------
  Constraint                                |  Check  | Worst Case |  Best Case | Timing |   Timing   
                                            |         |    Slack   | Achievable | Errors |    Score   
------------------------------------------------------------------------------------------------------
* TIMEGRP "PCI_AD_GRP" OFFSET = IN 7 ns BEF | SETUP   |    -0.126ns|     7.126ns|       1|         126
  ORE COMP "PCI_CLK"                        |         |            |            |        |            
------------------------------------------------------------------------------------------------------
  COMP "PCI_DEVSELn" OFFSET = OUT 11 ns AFT | MAXDELAY|     0.448ns|    10.552ns|       0|           0
  ER COMP "PCI_CLK"                         |         |            |            |        |            
------------------------------------------------------------------------------------------------------
  COMP "PCI_TRDYn" OFFSET = OUT 11 ns AFTER | MAXDELAY|     0.448ns|    10.552ns|       0|           0
   COMP "PCI_CLK"                           |         |            |            |        |            
------------------------------------------------------------------------------------------------------
  TIMEGRP "PCI_CBE_GRP" OFFSET = IN 7 ns BE | SETUP   |     0.459ns|     6.541ns|       0|           0
  FORE COMP "PCI_CLK"                       |         |            |            |        |            
------------------------------------------------------------------------------------------------------
  COMP "PCI_IDSEL" OFFSET = IN 7 ns BEFORE  | SETUP   |     0.636ns|     6.364ns|       0|           0
  COMP "PCI_CLK"                            |         |            |            |        |            
------------------------------------------------------------------------------------------------------
  COMP "PCI_STOPn" OFFSET = OUT 11 ns AFTER | MAXDELAY|     0.783ns|    10.217ns|       0|           0
   COMP "PCI_CLK"                           |         |            |            |        |            
------------------------------------------------------------------------------------------------------
  COMP "PCI_FRAMEn" OFFSET = IN 7 ns BEFORE | SETUP   |     1.114ns|     5.886ns|       0|           0
   COMP "PCI_CLK"                           |         |            |            |        |            
------------------------------------------------------------------------------------------------------
  COMP "PCI_IRDYn" OFFSET = IN 7 ns BEFORE  | SETUP   |     1.413ns|     5.587ns|       0|           0
  COMP "PCI_CLK"                            |         |            |            |        |            
------------------------------------------------------------------------------------------------------
  TS_PCI_CLK = PERIOD TIMEGRP "PCI_CLK" 30  | SETUP   |    21.049ns|     8.951ns|       0|           0
  ns HIGH 50%                               | HOLD    |     1.888ns|            |       0|           0
------------------------------------------------------------------------------------------------------
  TIMEGRP "PCI_AD_GRP" OFFSET = OUT 41 ns A | MAXDELAY|    23.044ns|    17.956ns|       0|           0
  FTER COMP "PCI_CLK"                       |         |            |            |        |            
------------------------------------------------------------------------------------------------------
  TS_CLK24 = PERIOD TIMEGRP "CLK24" 24 MHz  | SETUP   |    31.329ns|    10.337ns|       0|           0
  HIGH 50%                                  | HOLD    |     2.636ns|            |       0|           0
------------------------------------------------------------------------------------------------------


1 constraint not met.


